[
  {
    "type": "heading",
    "level": 2,
    "text": "Chapter 20\n“Margin of Safety” as the Central Concept of Investment"
  },
  {
    "type": "paragraph",
    "text": "Fortunately for the typical investor, it is by no means necessary for his success that he bring these qualities to bear upon his program—provided he limits his ambition to his capacity and confines his activities within the safe and narrow path of standard, defensive investment. To achieve satisfactory investment results is easier than most people realize; to achieve superior results is harder than it looks."
  },
  { "type": "paragraph", "text": "\u00A0" },
  { "type": "paragraph", "text": "\u00A0" },
  { "type": "heading", "level": 2, "text": "Commentary on Chapter 20" },
  {
    "type": "paragraph",
    "text": "If we fail to anticipate the unforeseen or expect the unexpected in a universe of infinite possibilities, we may find ourselves at the mercy of anyone or anything that cannot be programmed, categorized, or easily referenced."
  },
  { "type": "paragraph", "text": "—Agent Fox Mulder, The X-Files" },
  { "type": "heading", "level": 3, "text": "First, Don’t Lose" },
  { "type": "paragraph", "text": "What is risk?" }
]
